uitchain@bcm-headnode:/datastore/uitchain/hzka_benchmark$ cat logs/bench_all_37069.out

=======================================================================
 Mạch            |   Lần 1 (s) |   Lần 2 (s) |   Lần 3 (s) | Trung Bình (s)
-----------------------------------------------------------------------

 Đang biên dịch mạch 0.5M (Quá trình này tốn rất nhiều RAM và thời gian, xin vui lòng đợi)...
   + Đang chạy lõi Rust Prover lần 1...
   + Đang chạy lõi Rust Prover lần 2...
   + Đang chạy lõi Rust Prover lần 3...
 [Dọn dẹp] Xóa rác mạch 0.5M để giải phóng ổ cứng...
    0.5M      |     2.848 |     2.721 |     3.045 |       2.871

 Đang biên dịch mạch 1.0M (Quá trình này tốn rất nhiều RAM và thời gian, xin vui lòng đợi)...
   + Đang chạy lõi Rust Prover lần 1...
   + Đang chạy lõi Rust Prover lần 2...
   + Đang chạy lõi Rust Prover lần 3...
 [Dọn dẹp] Xóa rác mạch 1.0M để giải phóng ổ cứng...
    1.0M      |     5.044 |     5.358 |     4.512 |       4.971

 Đang biên dịch mạch 2.0M (Quá trình này tốn rất nhiều RAM và thời gian, xin vui lòng đợi)...
   + Đang chạy lõi Rust Prover lần 1...
   + Đang chạy lõi Rust Prover lần 2...
   + Đang chạy lõi Rust Prover lần 3...
 [Dọn dẹp] Xóa rác mạch 2.0M để giải phóng ổ cứng...
    2.0M      |     8.183 |     8.887 |     8.331 |       8.467

 Đang biên dịch mạch 4.0M (Quá trình này tốn rất nhiều RAM và thời gian, xin vui lòng đợi)...
   + Đang chạy lõi Rust Prover lần 1...
   + Đang chạy lõi Rust Prover lần 2...
   + Đang chạy lõi Rust Prover lần 3...
 [Dọn dẹp] Xóa rác mạch 4.0M để giải phóng ổ cứng...
    4.0M      |    16.552 |    16.017 |    15.500 |      16.023

 Đang biên dịch mạch 5.0M (Quá trình này tốn rất nhiều RAM và thời gian, xin vui lòng đợi)...
   + Đang chạy lõi Rust Prover lần 1...
   + Đang chạy lõi Rust Prover lần 2...
   + Đang chạy lõi Rust Prover lần 3...
 [Dọn dẹp] Xóa rác mạch 5.0M để giải phóng ổ cứng...
    5.0M      |    23.112 |    20.588 |    20.707 |      21.469

uitchain@bcm-headnode:/datastore/uitchain/hzka_benchmark$ cat logs/bench_all_36512.out

 Đang biên dịch mạch 8.0M (Quá trình này tốn rất nhiều RAM và thời gian, xin vui lòng đợi)...
   + Đang chạy lõi Rust Prover lần 1...
   + Đang chạy lõi Rust Prover lần 2...
   + Đang chạy lõi Rust Prover lần 3...
 [Dọn dẹp] Xóa rác mạch 8.0M để giải phóng ổ cứng...

 Đang biên dịch mạch 10.0M (Quá trình này tốn rất nhiều RAM và thời gian, xin vui lòng đợi)...
   + Đang chạy lõi Rust Prover lần 1...
   + Đang chạy lõi Rust Prover lần 2...
   + Đang chạy lõi Rust Prover lần 3...
 [Dọn dẹp] Xóa rác mạch 10.0M để giải phóng ổ cứng...

=======================================================================
 Mạch            |   Lần 1 (s) |   Lần 2 (s) |   Lần 3 (s) | Trung Bình (s)
-----------------------------------------------------------------------
    8.0M      |    29.870 |    26.404 |    26.122 |      27.465
   10.0M      |    39.430 |    41.367 |    45.261 |      42.019
=======================================================================
uitchain@bcm-headnode:/datastore/uitchain/hzka_benchmark$


uitchain@bcm-headnode:/datastore/uitchain/hzka_benchmark$ cat logs/bench_all_37321.out

=======================================================================
 Mạch            |   Lần 1 (s) |   Lần 2 (s) |   Lần 3 (s) | Trung Bình (s)
-----------------------------------------------------------------------

 Đang biên dịch mạch 11.5M (Quá trình này tốn rất nhiều RAM và thời gian, xin vui lòng đợi)...
   + Đang chạy lõi Rust Prover lần 1...
   + Đang chạy lõi Rust Prover lần 2...
   + Đang chạy lõi Rust Prover lần 3...
 [Dọn dẹp] Xóa rác mạch 11.5M để giải phóng ổ cứng...
   11.5M      |    62.007 |    58.172 |    53.400 |      57.860

Đang biên dịch mạch 11.0M (Quá trình này tốn rất nhiều RAM và thời gian, xin vui lòng đợi)...
   + Đang chạy lõi Rust Prover lần 1...
   + Đang chạy lõi Rust Prover lần 2...
   + Đang chạy lõi Rust Prover lần 3...
 [Dọn dẹp] Xóa rác mạch 11.0M để giải phóng ổ cứng...
   11.0M      |    50.031 |    53.116 |    48.384 |      50.510


