==========================================================
Bắt đầu benchmark trên Compute Node: AsusL40
Số lượng CPU Threads (Rayon): 16
==========================================================
Đang vá lỗi (patching) mã nguồn Rust...
Vá lỗi code thành công.
[1/5] Build aggregation circuit...
[2/5] Record identity...
[3/5] Witness generation (Measuring time)...
[4/5] Proving 3 times (Measuring time & RAM)...
   -> Đang chạy lần prove thứ 1 / 3...
   -> Đang chạy lần prove thứ 2 / 3...
   -> Đang chạy lần prove thứ 3 / 3...
[5/5] Verify...
==========================================================
Phân tích kết quả (Parsing)...
============================================================
  20M Circuit Measured Results
============================================================
  Proving time:  8076.7 ± 733.3 s  (n=3)
  Peak RSS:      46.6 GiB  (n=3)

  Summary written to ../../result/circuit_20M/measured_summary.json

  Model validation (Table 21):
    Model                         predicted  measured  error   rel.error
    Linear                           90.2    8076.7  +7986.5   +8854.2%
    Quasilinear                     108.3    8076.7  +7968.4   +7357.7%
    Interval low (sublinear)         54.6    8076.7  +8022.1   +14692.4%
    Interval high                   122.5    8076.7  +7954.2   +6493.2%

  Updating E8 pipeline with measured S_agg...
  Latency parity k (measured S_agg = 8076.7 s): 21151

Done.  Update the manuscript:
  - Table 8:  change 20M row from Predicted to Measured
  - Table 19: replace interval row with measured mean and CI
  - Table 21: add model-error column from model_validation.csv
  - Tables 14-15: recompute from e8_pipeline_measured.csv
  - Table 42 / Section 8.2: recompute overhead percentages
  - Abstract / Section 9(1) / Section 10: remove prediction language
==========================================================
✅ HOÀN TẤT!
