uitchain@bcm-headnode:/datastore/uitchain/hzka_benchmark/H-ZKA/HZKA/scripts/circuit_20m$ cargo run --release --bin verify -- \
    --vk ${RESULT_DIR}/build_agg/agg_vk.bin \
    --proof ${RESULT_DIR}/proof_1.bin \
    --public ${RESULT_DIR}/public_1.json
warning: unused import: `Bn254`
  --> src/aggregation.rs:14:17
   |
14 | use ark_bn254::{Bn254, Fr};
   |                 ^^^^^
   |
   = note: `#[warn(unused_imports)]` (part of `#[warn(unused)]`) on by default

warning: unused import: `ark_ff::Field`
  --> src/aggregation.rs:15:5
   |
15 | use ark_ff::Field;
   |     ^^^^^^^^^^^^^

warning: unused import: `ark_groth16::Groth16`
  --> src/aggregation.rs:16:5
   |
16 | use ark_groth16::Groth16;
   |     ^^^^^^^^^^^^^^^^^^^^

warning: unused import: `ark_std::rand::RngCore`
  --> src/aggregation.rs:21:5
   |
21 | use ark_std::rand::RngCore;
   |     ^^^^^^^^^^^^^^^^^^^^^^

warning: unused import: `ark_ff::Field`
 --> src/commitment.rs:8:5
  |
8 | use ark_ff::Field;
  |     ^^^^^^^^^^^^^

warning: unused import: `ark_r1cs_std::prelude`
  --> src/aggregation.rs:17:5
   |
17 | use ark_r1cs_std::prelude::*;
   |     ^^^^^^^^^^^^^^^^^^^^^

warning: unused variable: `cluster_id_var`
  --> src/aggregation.rs:89:13
   |
89 |         let cluster_id_var = cs.new_input_variable(|| Ok(self.cluster_id))?;
   |             ^^^^^^^^^^^^^^ help: if this is intentional, prefix it with an underscore: `_cluster_id_var`
   |
   = note: `#[warn(unused_variables)]` (part of `#[warn(unused)]`) on by default

warning: unused variable: `round_var`
  --> src/aggregation.rs:90:13
   |
90 |         let round_var = cs.new_input_variable(|| Ok(self.round))?;
   |             ^^^^^^^^^ help: if this is intentional, prefix it with an underscore: `_round_var`

warning: `hzka-prover` (lib) generated 8 warnings (run `cargo fix --lib -p hzka-prover` to apply 7 suggestions)
   Compiling hzka-prover v0.1.0 (/datastore/uitchain/hzka_benchmark/H-ZKA/HZKA/scripts/circuit_20m)
    Finished `release` profile [optimized] target(s) in 27.93s
     Running `target/release/verify --vk ../../result/circuit_20M/build_agg/agg_vk.bin --proof ../../result/circuit_20M/proof_1.bin --public ../../result/circuit_20M/public_1.json`
Loading verifying key from ../../result/circuit_20M/build_agg/agg_vk.bin...
Loading proof from ../../result/circuit_20M/proof_1.bin...
[verification] completed in 0.00s
✓ Proof is VALID  (0.0037s)
Public inputs written to ../../result/circuit_20M/public_1.json




uitchain@bcm-headnode:/datastore/uitchain/hzka_benchmark/H-ZKA/HZKA/scripts/circuit_20m$ python3 parse_20m_results.py --result-dir ../../result/circuit_20M
============================================================
  20M Circuit Measured Results
============================================================
  Proving time:  8076.7 ± 733.3 s  (n=3)
  Peak RSS:      46.6 GiB  (n=3)

  Summary written to ../../result/circuit_20M/measured_summary.json

  Model validation (Table 21):
    Model                         predicted  measured  error   rel.error
    Linear                           90.2    8076.7  +7986.5   +8854.2%
    Quasilinear                     108.3    8076.7  +7968.4   +7357.7%
    Interval low (sublinear)         54.6    8076.7  +8022.1   +14692.4%
    Interval high                   122.5    8076.7  +7954.2   +6493.2%

  Updating E8 pipeline with measured S_agg...
  Latency parity k (measured S_agg = 8076.7 s): 21151

Done.  Update the manuscript:
  - Table 8:  change 20M row from Predicted to Measured
  - Table 19: replace interval row with measured mean and CI
  - Table 21: add model-error column from model_validation.csv
  - Tables 14-15: recompute from e8_pipeline_measured.csv
  - Table 42 / Section 8.2: recompute overhead percentages
  - Abstract / Section 9(1) / Section 10: remove prediction language




uitchain@bcm-headnode:/datastore/uitchain/hzka_benchmark$ sacct -j 65275 --format=JobID,JobName,Elapsed,TotalCPU,MaxRSS,MaxDiskRead
JobID           JobName    Elapsed   TotalCPU     MaxRSS  MaxDiskRead
------------ ---------- ---------- ---------- ---------- ------------
65275        hzka_20m_+   06:57:58   08:28:44
65275.batch       batch   06:57:58   08:28:44  48129048K    16395.40M




uitchain@bcm-headnode:/datastore/uitchain/hzka_benchmark$ cat /datastore/uitchain/hzka_benchmark/H-ZKA/HZKA/result/circuit_20M/prove_1.time
warning: unused import: `Bn254`
  --> src/aggregation.rs:14:17
   |
14 | use ark_bn254::{Bn254, Fr};
   |                 ^^^^^
   |
   = note: `#[warn(unused_imports)]` (part of `#[warn(unused)]`) on by default

warning: unused import: `ark_ff::Field`
  --> src/aggregation.rs:15:5
   |
15 | use ark_ff::Field;
   |     ^^^^^^^^^^^^^

warning: unused import: `ark_groth16::Groth16`
  --> src/aggregation.rs:16:5
   |
16 | use ark_groth16::Groth16;
   |     ^^^^^^^^^^^^^^^^^^^^

warning: unused import: `ark_std::rand::RngCore`
  --> src/aggregation.rs:21:5
   |
21 | use ark_std::rand::RngCore;
   |     ^^^^^^^^^^^^^^^^^^^^^^

warning: unused import: `ark_ff::Field`
 --> src/commitment.rs:8:5
  |
8 | use ark_ff::Field;
  |     ^^^^^^^^^^^^^

warning: unused import: `ark_r1cs_std::prelude`
  --> src/aggregation.rs:17:5
   |
17 | use ark_r1cs_std::prelude::*;
   |     ^^^^^^^^^^^^^^^^^^^^^

warning: unused variable: `cluster_id_var`
  --> src/aggregation.rs:89:13
   |
89 |         let cluster_id_var = cs.new_input_variable(|| Ok(self.cluster_id))?;
   |             ^^^^^^^^^^^^^^ help: if this is intentional, prefix it with an underscore: `_cluster_id_var`
   |
   = note: `#[warn(unused_variables)]` (part of `#[warn(unused)]`) on by default

warning: unused variable: `round_var`
  --> src/aggregation.rs:90:13
   |
90 |         let round_var = cs.new_input_variable(|| Ok(self.round))?;
   |             ^^^^^^^^^ help: if this is intentional, prefix it with an underscore: `_round_var`

warning: `hzka-prover` (lib) generated 8 warnings (run `cargo fix --lib -p hzka-prover` to apply 7 suggestions)
   Compiling hzka-prover v0.1.0 (/datastore/uitchain/hzka_benchmark/H-ZKA/HZKA/scripts/circuit_20m)
warning: unused import: `Fr`
 --> src/bin/prove.rs:9:24
  |
9 | use ark_bn254::{Bn254, Fr};
  |                        ^^
  |
  = note: `#[warn(unused_imports)]` (part of `#[warn(unused)]`) on by default

warning: `hzka-prover` (bin "prove") generated 1 warning (run `cargo fix --bin "prove" -p hzka-prover` to apply 1 suggestion)
    Finished `release` profile [optimized] target(s) in 23.06s
     Running `target/release/prove --pk ../../result/circuit_20M/build_agg/agg_pk.bin --witness ../../result/circuit_20M/witness.bin --out ../../result/circuit_20M/proof_1.bin`
Loading proving key from ../../result/circuit_20M/build_agg/agg_pk.bin...
  PK loaded (4276046288 bytes)
Loading witness from ../../result/circuit_20M/witness.bin...
Generating Groth16 proof...
[proving] completed in 157.86s
  proof size:   128 bytes
  written to:   ../../result/circuit_20M/proof_1.bin
  proving time: 157.86s
        Command being timed: "cargo run --release --features parallel --bin prove -- --pk ../../result/circuit_20M/build_agg/agg_pk.bin --witness ../../result/circuit_20M/witness.bin --out ../../result/circuit_20M/proof_1.bin"
        User time (seconds): 9109.42
        System time (seconds): 154.81
        Percent of CPU this job got: 105%
        Elapsed (wall clock) time (h:mm:ss or m:ss): 2:26:19
        Average shared text size (kbytes): 0
        Average unshared data size (kbytes): 0
        Average stack size (kbytes): 0
        Average total size (kbytes): 0
        Maximum resident set size (kbytes): 48822928
        Average resident set size (kbytes): 0
        Major (requiring I/O) page faults: 13
        Minor (reclaiming a frame) page faults: 27740521
        Voluntary context switches: 16014
        Involuntary context switches: 81956
        Swaps: 0
        File system inputs: 4936
        File system outputs: 21344
        Socket messages sent: 0
        Socket messages received: 0
        Signals delivered: 0
        Page size (bytes): 4096
        Exit status: 0

uitchain@bcm-headnode:/datastore/uitchain/hzka_benchmark$ cat /datastore/uitchain/hzka_benchmark/H-ZKA/HZKA/result/circuit_20M/prove_2.time
warning: unused import: `Bn254`
  --> src/aggregation.rs:14:17
   |
14 | use ark_bn254::{Bn254, Fr};
   |                 ^^^^^
   |
   = note: `#[warn(unused_imports)]` (part of `#[warn(unused)]`) on by default

warning: unused import: `ark_ff::Field`
  --> src/aggregation.rs:15:5
   |
15 | use ark_ff::Field;
   |     ^^^^^^^^^^^^^

warning: unused import: `ark_groth16::Groth16`
  --> src/aggregation.rs:16:5
   |
16 | use ark_groth16::Groth16;
   |     ^^^^^^^^^^^^^^^^^^^^

warning: unused import: `ark_std::rand::RngCore`
  --> src/aggregation.rs:21:5
   |
21 | use ark_std::rand::RngCore;
   |     ^^^^^^^^^^^^^^^^^^^^^^

warning: unused import: `ark_ff::Field`
 --> src/commitment.rs:8:5
  |
8 | use ark_ff::Field;
  |     ^^^^^^^^^^^^^

warning: unused import: `ark_r1cs_std::prelude`
  --> src/aggregation.rs:17:5
   |
17 | use ark_r1cs_std::prelude::*;
   |     ^^^^^^^^^^^^^^^^^^^^^

warning: unused variable: `cluster_id_var`
  --> src/aggregation.rs:89:13
   |
89 |         let cluster_id_var = cs.new_input_variable(|| Ok(self.cluster_id))?;
   |             ^^^^^^^^^^^^^^ help: if this is intentional, prefix it with an underscore: `_cluster_id_var`
   |
   = note: `#[warn(unused_variables)]` (part of `#[warn(unused)]`) on by default

warning: unused variable: `round_var`
  --> src/aggregation.rs:90:13
   |
90 |         let round_var = cs.new_input_variable(|| Ok(self.round))?;
   |             ^^^^^^^^^ help: if this is intentional, prefix it with an underscore: `_round_var`

warning: `hzka-prover` (lib) generated 8 warnings (run `cargo fix --lib -p hzka-prover` to apply 7 suggestions)
warning: unused import: `Fr`
 --> src/bin/prove.rs:9:24
  |
9 | use ark_bn254::{Bn254, Fr};
  |                        ^^
  |
  = note: `#[warn(unused_imports)]` (part of `#[warn(unused)]`) on by default

warning: `hzka-prover` (bin "prove") generated 1 warning (run `cargo fix --bin "prove" -p hzka-prover` to apply 1 suggestion)
    Finished `release` profile [optimized] target(s) in 0.57s
     Running `target/release/prove --pk ../../result/circuit_20M/build_agg/agg_pk.bin --witness ../../result/circuit_20M/witness.bin --out ../../result/circuit_20M/proof_2.bin`
Loading proving key from ../../result/circuit_20M/build_agg/agg_pk.bin...
  PK loaded (4276046288 bytes)
Loading witness from ../../result/circuit_20M/witness.bin...
Generating Groth16 proof...
[proving] completed in 123.95s
  proof size:   128 bytes
  written to:   ../../result/circuit_20M/proof_2.bin
  proving time: 123.95s
        Command being timed: "cargo run --release --features parallel --bin prove -- --pk ../../result/circuit_20M/build_agg/agg_pk.bin --witness ../../result/circuit_20M/witness.bin --out ../../result/circuit_20M/proof_2.bin"
        User time (seconds): 8248.60
        System time (seconds): 125.98
        Percent of CPU this job got: 105%
        Elapsed (wall clock) time (h:mm:ss or m:ss): 2:12:29
        Average shared text size (kbytes): 0
        Average unshared data size (kbytes): 0
        Average stack size (kbytes): 0
        Average total size (kbytes): 0
        Maximum resident set size (kbytes): 48810696
        Average resident set size (kbytes): 0
        Major (requiring I/O) page faults: 0
        Minor (reclaiming a frame) page faults: 20205868
        Voluntary context switches: 14626
        Involuntary context switches: 47511
        Swaps: 0
        File system inputs: 0
        File system outputs: 216
        Socket messages sent: 0
        Socket messages received: 0
        Signals delivered: 0
        Page size (bytes): 4096
        Exit status: 0

uitchain@bcm-headnode:/datastore/uitchain/hzka_benchmark$ cat /datastore/uitchain/hzka_benchmark/H-ZKA/HZKA/result/circuit_20M/prove_3.time
warning: unused import: `Bn254`
  --> src/aggregation.rs:14:17
   |
14 | use ark_bn254::{Bn254, Fr};
   |                 ^^^^^
   |
   = note: `#[warn(unused_imports)]` (part of `#[warn(unused)]`) on by default

warning: unused import: `ark_ff::Field`
  --> src/aggregation.rs:15:5
   |
15 | use ark_ff::Field;
   |     ^^^^^^^^^^^^^

warning: unused import: `ark_groth16::Groth16`
  --> src/aggregation.rs:16:5
   |
16 | use ark_groth16::Groth16;
   |     ^^^^^^^^^^^^^^^^^^^^

warning: unused import: `ark_std::rand::RngCore`
  --> src/aggregation.rs:21:5
   |
21 | use ark_std::rand::RngCore;
   |     ^^^^^^^^^^^^^^^^^^^^^^

warning: unused import: `ark_ff::Field`
 --> src/commitment.rs:8:5
  |
8 | use ark_ff::Field;
  |     ^^^^^^^^^^^^^

warning: unused import: `ark_r1cs_std::prelude`
  --> src/aggregation.rs:17:5
   |
17 | use ark_r1cs_std::prelude::*;
   |     ^^^^^^^^^^^^^^^^^^^^^

warning: unused variable: `cluster_id_var`
  --> src/aggregation.rs:89:13
   |
89 |         let cluster_id_var = cs.new_input_variable(|| Ok(self.cluster_id))?;
   |             ^^^^^^^^^^^^^^ help: if this is intentional, prefix it with an underscore: `_cluster_id_var`
   |
   = note: `#[warn(unused_variables)]` (part of `#[warn(unused)]`) on by default

warning: unused variable: `round_var`
  --> src/aggregation.rs:90:13
   |
90 |         let round_var = cs.new_input_variable(|| Ok(self.round))?;
   |             ^^^^^^^^^ help: if this is intentional, prefix it with an underscore: `_round_var`

warning: `hzka-prover` (lib) generated 8 warnings (run `cargo fix --lib -p hzka-prover` to apply 7 suggestions)
warning: unused import: `Fr`
 --> src/bin/prove.rs:9:24
  |
9 | use ark_bn254::{Bn254, Fr};
  |                        ^^
  |
  = note: `#[warn(unused_imports)]` (part of `#[warn(unused)]`) on by default

warning: `hzka-prover` (bin "prove") generated 1 warning (run `cargo fix --bin "prove" -p hzka-prover` to apply 1 suggestion)
    Finished `release` profile [optimized] target(s) in 0.58s
     Running `target/release/prove --pk ../../result/circuit_20M/build_agg/agg_pk.bin --witness ../../result/circuit_20M/witness.bin --out ../../result/circuit_20M/proof_3.bin`
Loading proving key from ../../result/circuit_20M/build_agg/agg_pk.bin...
  PK loaded (4276046288 bytes)
Loading witness from ../../result/circuit_20M/witness.bin...
Generating Groth16 proof...
[proving] completed in 124.28s
  proof size:   128 bytes
  written to:   ../../result/circuit_20M/proof_3.bin
  proving time: 124.28s
        Command being timed: "cargo run --release --features parallel --bin prove -- --pk ../../result/circuit_20M/build_agg/agg_pk.bin --witness ../../result/circuit_20M/witness.bin --out ../../result/circuit_20M/proof_3.bin"
        User time (seconds): 7800.27
        System time (seconds): 112.67
        Percent of CPU this job got: 105%
        Elapsed (wall clock) time (h:mm:ss or m:ss): 2:05:02
        Average shared text size (kbytes): 0
        Average unshared data size (kbytes): 0
        Average stack size (kbytes): 0
        Average total size (kbytes): 0
        Maximum resident set size (kbytes): 48823148
        Average resident set size (kbytes): 0
        Major (requiring I/O) page faults: 0
        Minor (reclaiming a frame) page faults: 20022983
        Voluntary context switches: 9206
        Involuntary context switches: 37077
        Swaps: 0
        File system inputs: 0
        File system outputs: 216
        Socket messages sent: 0
        Socket messages received: 0
        Signals delivered: 0
        Page size (bytes): 4096
        Exit status: 0
