uitchain@bcm-headnode:/datastore/uitchain/hzka_benchmark$ cat slurm_logs/hzka_20m_65630.err
   Compiling hzka-prover v0.1.0 (/datastore/uitchain/hzka_benchmark/H-ZKA/HZKA/scripts/circuit_20m)
    Finished `release` profile [optimized] target(s) in 22.52s
     Running `target/release/build_agg --slots 15 --public-inputs commitment --out ../../result/circuit_20M/build_agg/`
Building aggregation circuit:
  slots (B_max):   15
  public inputs:   commitment
  estimated constraints: 20014400
[keygen] completed in 105.12s
  actual constraints:    20014400
  keygen time:           105.12s
  PK written to:         ../../result/circuit_20M/build_agg/agg_pk.bin
  VK written to:         ../../result/circuit_20M/build_agg/agg_vk.bin

Build complete.  Run `prove` to generate proofs.
   Compiling either v1.18.0
   Compiling num-traits v0.2.19
   Compiling itertools v0.10.5
   Compiling rayon v1.12.0
   Compiling num-integer v0.1.47
   Compiling ark-std v0.4.0
   Compiling num-bigint v0.4.8
   Compiling ark-serialize v0.4.2
   Compiling ark-ff v0.4.2
   Compiling ark-poly v0.4.2
   Compiling ark-relations v0.4.0
   Compiling ark-snark v0.4.0
   Compiling ark-ec v0.4.2
   Compiling ark-r1cs-std v0.4.0
   Compiling ark-bn254 v0.4.0
   Compiling ark-crypto-primitives v0.4.0
   Compiling ark-groth16 v0.4.0
   Compiling hzka-prover v0.1.0 (/datastore/uitchain/hzka_benchmark/H-ZKA/HZKA/scripts/circuit_20m)
    Finished `release` profile [optimized] target(s) in 39.89s
     Running `target/release/verify --vk ../../result/circuit_20M/build_agg/agg_vk.bin --proof ../../result/circuit_20M/proof_1.bin --public ../../result/circuit_20M/public_1.json`
Loading verifying key from ../../result/circuit_20M/build_agg/agg_vk.bin...
Loading proof from ../../result/circuit_20M/proof_1.bin...
[verification] completed in 0.00s
✓ Proof is VALID  (0.0040s)
Public inputs written to ../../result/circuit_20M/public_1.json
uitchain@bcm-headnode:/datastore/uitchain/hzka_benchmark$ cat slurm_logs/hzka_20m_65630.out
==========================================================
Bắt đầu benchmark trên Compute Node: AsusL40
Số lượng CPU Threads (Rayon): 16
==========================================================
[1/5] Build aggregation circuit...
[2/5] Record identity...
[3/5] Witness generation (Measuring time)...
[4/5] Proving 3 times (Measuring time & RAM)...
   -> Đang chạy lần prove thứ 1 / 3...
   -> Đang chạy lần prove thứ 2 / 3...
   -> Đang chạy lần prove thứ 3 / 3...
[5/5] Verify...
==========================================================
Phân tích kết quả (Parsing)...
============================================================
  20M Circuit Measured Results
============================================================
  Proving time:  9457.0 ± 9744.5 s  (n=3)
  Peak RSS:      46.6 GiB  (n=3)

  Summary written to ../../result/circuit_20M/measured_summary.json

  Model validation (Table 21):
    Model                         predicted  measured  error   rel.error
    Linear                           90.2    9457.0  +9366.8   +10384.5%
    Quasilinear                     108.3    9457.0  +9348.7   +8632.2%
    Interval low (sublinear)         54.6    9457.0  +9402.4   +17220.5%
    Interval high                   122.5    9457.0  +9334.5   +7620.0%

  Updating E8 pipeline with measured S_agg...
  Latency parity k (measured S_agg = 9457.0 s): 24765

Done.  Update the manuscript:
  - Table 8:  change 20M row from Predicted to Measured
  - Table 19: replace interval row with measured mean and CI
  - Table 21: add model-error column from model_validation.csv
  - Tables 14-15: recompute from e8_pipeline_measured.csv
  - Table 42 / Section 8.2: recompute overhead percentages
  - Abstract / Section 9(1) / Section 10: remove prediction language
==========================================================
✅ HOÀN TẤT!






uitchain@bcm-headnode:/datastore/uitchain/hzka_benchmark/H-ZKA/HZKA/scripts/circuit_20m/slurm_log$ sacct -j 65630 --format=JobID,JobName,Elapsed,TotalCPU,MaxRSS,MaxDiskRead
JobID           JobName    Elapsed   TotalCPU     MaxRSS  MaxDiskRead
------------ ---------- ---------- ---------- ---------- ------------
65630        hzka_20m_+   07:59:03   04:27:38
65630.batch       batch   07:59:03   04:27:38  48160784K    16366.83M



uitchain@bcm-headnode:/datastore/uitchain/hzka_benchmark/H-ZKA/HZKA/scripts/circuit_20m/slurm_log$ cat /datastore/uitchain/hzka_benchmark/H-ZKA/HZKA/result/circuit_20M/prove_1.time
   Compiling hzka-prover v0.1.0 (/datastore/uitchain/hzka_benchmark/H-ZKA/HZKA/scripts/circuit_20m)
warning: unused import: `Fr`
 --> src/bin/prove.rs:9:24
  |
9 | use ark_bn254::{Bn254, Fr};
  |                        ^^
  |
  = note: `#[warn(unused_imports)]` (part of `#[warn(unused)]`) on by default

warning: `hzka-prover` (bin "prove") generated 1 warning (run `cargo fix --bin "prove" -p hzka-prover` to apply 1 suggestion)
    Finished `release` profile [optimized] target(s) in 20.08s
     Running `target/release/prove --pk ../../result/circuit_20M/build_agg/agg_pk.bin --witness ../../result/circuit_20M/witness.bin --out ../../result/circuit_20M/proof_1.bin`
Loading proving key from ../../result/circuit_20M/build_agg/agg_pk.bin...
  PK loaded (4276056528 bytes)
Loading witness from ../../result/circuit_20M/witness.bin...
Generating Groth16 proof...
[proving] completed in 120.89s
  proof size:   128 bytes
  written to:   ../../result/circuit_20M/proof_1.bin
  proving time: 120.89s
        Command being timed: "cargo run --release --features parallel --bin prove -- --pk ../../result/circuit_20M/build_agg/agg_pk.bin --witness ../../result/circuit_20M/witness.bin --out ../../result/circuit_20M/proof_1.bin"
        User time (seconds): 4847.98
        System time (seconds): 110.15
        Percent of CPU this job got: 112%
        Elapsed (wall clock) time (h:mm:ss or m:ss): 1:13:32
        Average shared text size (kbytes): 0
        Average unshared data size (kbytes): 0
        Average stack size (kbytes): 0
        Average total size (kbytes): 0
        Maximum resident set size (kbytes): 48848020
        Average resident set size (kbytes): 0
        Major (requiring I/O) page faults: 28
        Minor (reclaiming a frame) page faults: 41163822
        Voluntary context switches: 1179235
        Involuntary context switches: 5966
        Swaps: 0
        File system inputs: 9304
        File system outputs: 22272
        Socket messages sent: 0
        Socket messages received: 0
        Signals delivered: 0
        Page size (bytes): 4096
        Exit status: 0
uitchain@bcm-headnode:/datastore/uitchain/hzka_benchmark/H-ZKA/HZKA/scripts/circuit_20m/slurm_log$ cat /datastore/uitchain/hzka_benchmark/H-ZKA/HZKA/result/circuit_20M/prove_2.time
warning: unused import: `Fr`
 --> src/bin/prove.rs:9:24
  |
9 | use ark_bn254::{Bn254, Fr};
  |                        ^^
  |
  = note: `#[warn(unused_imports)]` (part of `#[warn(unused)]`) on by default

warning: `hzka-prover` (bin "prove") generated 1 warning (run `cargo fix --bin "prove" -p hzka-prover` to apply 1 suggestion)
    Finished `release` profile [optimized] target(s) in 58.07s
     Running `target/release/prove --pk ../../result/circuit_20M/build_agg/agg_pk.bin --witness ../../result/circuit_20M/witness.bin --out ../../result/circuit_20M/proof_2.bin`
Loading proving key from ../../result/circuit_20M/build_agg/agg_pk.bin...
  PK loaded (4276056528 bytes)
Loading witness from ../../result/circuit_20M/witness.bin...
Generating Groth16 proof...
[proving] completed in 126.69s
  proof size:   128 bytes
  written to:   ../../result/circuit_20M/proof_2.bin
  proving time: 126.69s
        Command being timed: "cargo run --release --features parallel --bin prove -- --pk ../../result/circuit_20M/build_agg/agg_pk.bin --witness ../../result/circuit_20M/witness.bin --out ../../result/circuit_20M/proof_2.bin"
        User time (seconds): 5174.71
        System time (seconds): 124.26
        Percent of CPU this job got: 27%
        Elapsed (wall clock) time (h:mm:ss or m:ss): 5:23:20
        Average shared text size (kbytes): 0
        Average unshared data size (kbytes): 0
        Average stack size (kbytes): 0
        Average total size (kbytes): 0
        Maximum resident set size (kbytes): 48844464
        Average resident set size (kbytes): 0
        Major (requiring I/O) page faults: 0
        Minor (reclaiming a frame) page faults: 42069344
        Voluntary context switches: 295411
        Involuntary context switches: 11912
        Swaps: 0
        File system inputs: 504
        File system outputs: 312
        Socket messages sent: 0
        Socket messages received: 0
        Signals delivered: 0
        Page size (bytes): 4096
        Exit status: 0
uitchain@bcm-headnode:/datastore/uitchain/hzka_benchmark/H-ZKA/HZKA/scripts/circuit_20m/slurm_log$ cat /datastore/uitchain/hzka_benchmark/H-ZKA/HZKA/result/circuit_20M/prove_3.time
warning: unused import: `Fr`
 --> src/bin/prove.rs:9:24
  |
9 | use ark_bn254::{Bn254, Fr};
  |                        ^^
  |
  = note: `#[warn(unused_imports)]` (part of `#[warn(unused)]`) on by default

warning: `hzka-prover` (bin "prove") generated 1 warning (run `cargo fix --bin "prove" -p hzka-prover` to apply 1 suggestion)
    Finished `release` profile [optimized] target(s) in 0.57s
     Running `target/release/prove --pk ../../result/circuit_20M/build_agg/agg_pk.bin --witness ../../result/circuit_20M/witness.bin --out ../../result/circuit_20M/proof_3.bin`
Loading proving key from ../../result/circuit_20M/build_agg/agg_pk.bin...
  PK loaded (4276056528 bytes)
Loading witness from ../../result/circuit_20M/witness.bin...
Generating Groth16 proof...
[proving] completed in 120.03s
  proof size:   128 bytes
  written to:   ../../result/circuit_20M/proof_3.bin
  proving time: 120.03s
        Command being timed: "cargo run --release --features parallel --bin prove -- --pk ../../result/circuit_20M/build_agg/agg_pk.bin --witness ../../result/circuit_20M/witness.bin --out ../../result/circuit_20M/proof_3.bin"
        User time (seconds): 5044.51
        System time (seconds): 57.67
        Percent of CPU this job got: 111%
        Elapsed (wall clock) time (h:mm:ss or m:ss): 1:15:59
        Average shared text size (kbytes): 0
        Average unshared data size (kbytes): 0
        Average stack size (kbytes): 0
        Average total size (kbytes): 0
        Maximum resident set size (kbytes): 48843676
        Average resident set size (kbytes): 0
        Major (requiring I/O) page faults: 0
        Minor (reclaiming a frame) page faults: 22443250
        Voluntary context switches: 38569
        Involuntary context switches: 11490
        Swaps: 0
        File system inputs: 216
        File system outputs: 216
        Socket messages sent: 0
        Socket messages received: 0
        Signals delivered: 0
        Page size (bytes): 4096
        Exit status: 0
